// Jest Snapshot v1, https://goo.gl/fbAQLP

exports[`CommandList Test Cases 1: Component shoule be rendered correctly 1`] = `
.c0 {
  display: -webkit-box;
  display: -webkit-flex;
  display: -ms-flexbox;
  display: flex;
  -webkit-flex-direction: column;
  -ms-flex-direction: column;
  flex-direction: column;
  background-color: black;
  width: 32rem;
  height: 32rem;
  padding: 1rem;
  overflow: auto;
}

.c1 {
  color: yellow;
}

<div>
  <div
    class="c0"
  >
    <div
      class="c1"
    >
      M
    </div>
    <div
      class="c1"
    >
      O
    </div>
    <div
      class="c1"
    >
      V
    </div>
    <div
      class="c1"
    >
      E
    </div>
  </div>
</div>
`;
