// Jest Snapshot v1, https://goo.gl/fbAQLP

exports[`CommandInput Test Cases 1: Component shoule be rendered correctly 1`] = `
.c0 {
  display: -webkit-box;
  display: -webkit-flex;
  display: -ms-flexbox;
  display: flex;
  -webkit-flex-direction: column;
  -ms-flex-direction: column;
  flex-direction: column;
  -webkit-align-items: center;
  -webkit-box-align: center;
  -ms-flex-align: center;
  align-items: center;
  padding: 3.125rem;
  width: 100%;
}

.c1 {
  width: 30%;
  height: 1.875rem;
}

.c2 {
  display: -webkit-box;
  display: -webkit-flex;
  display: -ms-flexbox;
  display: flex;
  -webkit-box-pack: justify;
  -webkit-justify-content: space-between;
  -ms-flex-pack: justify;
  justify-content: space-between;
  margin-top: 1rem;
}

.c3 {
  width: 5rem;
  height: 1.875rem;
}

.c3:first-child {
  margin-right: 1rem;
}

<div>
  <div
    class="c0"
  >
    <input
      aria-label="command-input"
      class="c1"
      placeholder="Tell the robot what to do ..."
      value=""
    />
    <div
      class="c2"
    >
      <button
        class="c3"
      >
        Run
      </button>
      <button
        class="c3"
      >
        Reset
      </button>
    </div>
  </div>
</div>
`;
