// Jest Snapshot v1, https://goo.gl/fbAQLP

exports[`ErrorMessage Test Cases 1: Component shoule be rendered correctly 1`] = `
.c0 {
  margin: 3.125rem auto;
  max-width: 62.5rem;
}

.c0 h1,
.c0 h2,
.c0 h3,
.c0 h4,
.c0 h5 {
  color: #999;
}

<div>
  <div
    class="c0"
  >
    <h1>
      Sorry, the page you requested is not available
    </h1>
  </div>
</div>
`;
